GO:0000221	GO:0000248	0.00	0.00	0.00	0.00
GO:0000168	GO:0004317	0.00	0.00	0.00	0.00
GO:0000794	GO:0003961	0.00	0.00	0.00	0.00
GO:0000922	GO:0003729	0.00	0.00	0.00	0.00
GO:0003690	GO:0004322	-0.00	-0.00	-0.00	0.11
